// Vitest Snapshot v1

exports[`the color set validation/preparation > should convert valid CSS colors to hex 1`] = `
{
  "dark": {
    "accent0": "#000000",
    "accent1": "#000000",
    "accent2": "#000000",
    "accent3": "#000000",
    "accent4": "#000000",
    "accent5": "#000000",
    "accent6": "#000000",
    "accent7": "#000000",
    "shade0": "#000000",
    "shade1": "#000000",
    "shade2": "#000000",
    "shade3": "#000000",
    "shade4": "#000000",
    "shade5": "#000000",
    "shade6": "#000000",
    "shade7": "#000000",
  },
}
`;

exports[`the color set validation/preparation > should properly fill in shades 1 through 6 when necessary 1`] = `
{
  "dark": {
    "accent0": "#FF0000",
    "accent1": "#FFA500",
    "accent2": "#FFFF00",
    "accent3": "#008000",
    "accent4": "#00FFFF",
    "accent5": "#0000FF",
    "accent6": "#800080",
    "accent7": "#FFC0CB",
    "shade0": "#000000",
    "shade1": "#242424",
    "shade2": "#494949",
    "shade3": "#6D6D6D",
    "shade4": "#929292",
    "shade5": "#B6B6B6",
    "shade6": "#DBDBDB",
    "shade7": "#FFFFFF",
  },
  "light": {
    "accent0": "#FF0000",
    "accent1": "#FFA500",
    "accent2": "#FFFF00",
    "accent3": "#008000",
    "accent4": "#00FFFF",
    "accent5": "#0000FF",
    "accent6": "#800080",
    "accent7": "#FFC0CB",
    "shade0": "#FFFFFF",
    "shade1": "#DBDBDB",
    "shade2": "#B6B6B6",
    "shade3": "#929292",
    "shade4": "#6D6D6D",
    "shade5": "#494949",
    "shade6": "#242424",
    "shade7": "#000000",
  },
}
`;
