// Vitest Snapshot v1

exports[`themer "dot grid" wallpaper > should list output files 1`] = `
"
Files generated:

* \`themer-wallpaper-dot-grid-dark-1000x1000-1.png\`
* \`themer-wallpaper-dot-grid-dark-1000x1000-2.png\`
* \`themer-wallpaper-dot-grid-light-1000x1000-1.png\`
* \`themer-wallpaper-dot-grid-light-1000x1000-2.png\`
"
`;
