// Vitest Snapshot v1

exports[`themer "diamonds" wallpaper > should list output files 1`] = `
"
Files generated:

* \`themer-wallpaper-diamonds-dark-1000x1000.png\`
* \`themer-wallpaper-diamonds-light-1000x1000.png\`
"
`;
