// Vitest Snapshot v1

exports[`themer "block wave" wallpaper > should list output files 1`] = `
"
Files generated:

* \`themer-wallpaper-block-wave-dark-1000x1000.png\`
* \`themer-wallpaper-block-wave-light-1000x1000.png\`
"
`;
