// Vitest Snapshot v1

exports[`themer "shirts" wallpaper > should list output files 1`] = `
"
Files generated:

* \`themer-wallpaper-shirts-dark-1000-1000.png\`
* \`themer-wallpaper-shirts-light-1000-1000.png\`
"
`;
